Archive member included to satisfy reference by file (symbol)

c:/avr8-gnu/bin/../lib/gcc/avr/5.4.0/../../../../avr/lib/avr4\libm.a(addsf3.o)
                              main.o (__subsf3)
c:/avr8-gnu/bin/../lib/gcc/avr/5.4.0/../../../../avr/lib/avr4\libm.a(addsf3x.o)
                              c:/avr8-gnu/bin/../lib/gcc/avr/5.4.0/../../../../avr/lib/avr4\libm.a(addsf3.o) (__addsf3x)
c:/avr8-gnu/bin/../lib/gcc/avr/5.4.0/../../../../avr/lib/avr4\libm.a(cmpsf2.o)
                              main.o (__ltsf2)
c:/avr8-gnu/bin/../lib/gcc/avr/5.4.0/../../../../avr/lib/avr4\libm.a(divsf3.o)
                              main.o (__divsf3)
c:/avr8-gnu/bin/../lib/gcc/avr/5.4.0/../../../../avr/lib/avr4\libm.a(divsf3x.o)
                              c:/avr8-gnu/bin/../lib/gcc/avr/5.4.0/../../../../avr/lib/avr4\libm.a(divsf3.o) (__divsf3x)
c:/avr8-gnu/bin/../lib/gcc/avr/5.4.0/../../../../avr/lib/avr4\libm.a(fixsfsi.o)
                              main.o (__fixsfsi)
c:/avr8-gnu/bin/../lib/gcc/avr/5.4.0/../../../../avr/lib/avr4\libm.a(fixunssfsi.o)
                              c:/avr8-gnu/bin/../lib/gcc/avr/5.4.0/../../../../avr/lib/avr4\libm.a(fixsfsi.o) (__fixunssfsi)
c:/avr8-gnu/bin/../lib/gcc/avr/5.4.0/../../../../avr/lib/avr4\libm.a(floatsisf.o)
                              main.o (__floatunsisf)
c:/avr8-gnu/bin/../lib/gcc/avr/5.4.0/../../../../avr/lib/avr4\libm.a(fmin.o)
                              src/Display.o (fmin)
c:/avr8-gnu/bin/../lib/gcc/avr/5.4.0/../../../../avr/lib/avr4\libm.a(fp_cmp.o)
                              c:/avr8-gnu/bin/../lib/gcc/avr/5.4.0/../../../../avr/lib/avr4\libm.a(cmpsf2.o) (__fp_cmp)
c:/avr8-gnu/bin/../lib/gcc/avr/5.4.0/../../../../avr/lib/avr4\libm.a(fp_inf.o)
                              c:/avr8-gnu/bin/../lib/gcc/avr/5.4.0/../../../../avr/lib/avr4\libm.a(addsf3x.o) (__fp_inf)
c:/avr8-gnu/bin/../lib/gcc/avr/5.4.0/../../../../avr/lib/avr4\libm.a(fp_nan.o)
                              c:/avr8-gnu/bin/../lib/gcc/avr/5.4.0/../../../../avr/lib/avr4\libm.a(addsf3x.o) (__fp_nan)
c:/avr8-gnu/bin/../lib/gcc/avr/5.4.0/../../../../avr/lib/avr4\libm.a(fp_pscA.o)
                              c:/avr8-gnu/bin/../lib/gcc/avr/5.4.0/../../../../avr/lib/avr4\libm.a(addsf3x.o) (__fp_pscA)
c:/avr8-gnu/bin/../lib/gcc/avr/5.4.0/../../../../avr/lib/avr4\libm.a(fp_pscB.o)
                              c:/avr8-gnu/bin/../lib/gcc/avr/5.4.0/../../../../avr/lib/avr4\libm.a(addsf3x.o) (__fp_pscB)
c:/avr8-gnu/bin/../lib/gcc/avr/5.4.0/../../../../avr/lib/avr4\libm.a(fp_round.o)
                              c:/avr8-gnu/bin/../lib/gcc/avr/5.4.0/../../../../avr/lib/avr4\libm.a(addsf3.o) (__fp_round)
c:/avr8-gnu/bin/../lib/gcc/avr/5.4.0/../../../../avr/lib/avr4\libm.a(fp_split3.o)
                              c:/avr8-gnu/bin/../lib/gcc/avr/5.4.0/../../../../avr/lib/avr4\libm.a(addsf3x.o) (__fp_split3)
c:/avr8-gnu/bin/../lib/gcc/avr/5.4.0/../../../../avr/lib/avr4\libm.a(fp_zero.o)
                              c:/avr8-gnu/bin/../lib/gcc/avr/5.4.0/../../../../avr/lib/avr4\libm.a(addsf3x.o) (__fp_zero)
c:/avr8-gnu/bin/../lib/gcc/avr/5.4.0/../../../../avr/lib/avr4\libm.a(gesf2.o)
                              src/noteDetection.o (__gesf2)
c:/avr8-gnu/bin/../lib/gcc/avr/5.4.0/../../../../avr/lib/avr4\libm.a(mulsf3.o)
                              main.o (__mulsf3)
c:/avr8-gnu/bin/../lib/gcc/avr/5.4.0/../../../../avr/lib/avr4\libm.a(mulsf3x.o)
                              c:/avr8-gnu/bin/../lib/gcc/avr/5.4.0/../../../../avr/lib/avr4\libm.a(mulsf3.o) (__mulsf3x)
c:/avr8-gnu/bin/../lib/gcc/avr/5.4.0/../../../../avr/lib/avr4\libm.a(sqrt.o)
                              main.o (sqrt)
c:/avr8-gnu/bin/../lib/gcc/avr/5.4.0/../../../../avr/lib/avr4\libm.a(fp_mpack.o)
                              c:/avr8-gnu/bin/../lib/gcc/avr/5.4.0/../../../../avr/lib/avr4\libm.a(sqrt.o) (__fp_mpack)
c:/avr8-gnu/bin/../lib/gcc/avr/5.4.0/../../../../avr/lib/avr4\libm.a(fp_norm2.o)
                              c:/avr8-gnu/bin/../lib/gcc/avr/5.4.0/../../../../avr/lib/avr4\libm.a(sqrt.o) (__fp_norm2)
c:/avr8-gnu/bin/../lib/gcc/avr/5.4.0/avr4\libgcc.a(_exit.o)
                              C:/Program Files (x86)/Atmel/Studio/7.0/Packs/atmel/ATmega_DFP/1.3.300/gcc/dev/atmega8/avr4/crtatmega8.o (exit)
c:/avr8-gnu/bin/../lib/gcc/avr/5.4.0/avr4\libgcc.a(_copy_data.o)
                              main.o (__do_copy_data)
c:/avr8-gnu/bin/../lib/gcc/avr/5.4.0/avr4\libgcc.a(_clear_bss.o)
                              main.o (__do_clear_bss)
c:/avr8-gnu/bin/../lib/gcc/avr/5.4.0/avr4\libgcc.a(_ctors.o)
                              main.o (__do_global_ctors)
c:/avr8-gnu/bin/../lib/gcc/avr/5.4.0/avr4\libgcc.a(_tablejump2.o)
                              c:/avr8-gnu/bin/../lib/gcc/avr/5.4.0/avr4\libgcc.a(_ctors.o) (__tablejump2__)
c:/avr8-gnu/bin/../lib/gcc/avr/5.4.0/../../../../avr/lib/avr4\libc.a(sprintf.o)
                              src/serial.o (sprintf)
c:/avr8-gnu/bin/../lib/gcc/avr/5.4.0/../../../../avr/lib/avr4\libc.a(vfprintf_std.o)
                              c:/avr8-gnu/bin/../lib/gcc/avr/5.4.0/../../../../avr/lib/avr4\libc.a(sprintf.o) (vfprintf)
c:/avr8-gnu/bin/../lib/gcc/avr/5.4.0/../../../../avr/lib/avr4\libc.a(strnlen_P.o)
                              c:/avr8-gnu/bin/../lib/gcc/avr/5.4.0/../../../../avr/lib/avr4\libc.a(vfprintf_std.o) (strnlen_P)
c:/avr8-gnu/bin/../lib/gcc/avr/5.4.0/../../../../avr/lib/avr4\libc.a(strnlen.o)
                              c:/avr8-gnu/bin/../lib/gcc/avr/5.4.0/../../../../avr/lib/avr4\libc.a(vfprintf_std.o) (strnlen)
c:/avr8-gnu/bin/../lib/gcc/avr/5.4.0/../../../../avr/lib/avr4\libc.a(fputc.o)
                              c:/avr8-gnu/bin/../lib/gcc/avr/5.4.0/../../../../avr/lib/avr4\libc.a(vfprintf_std.o) (fputc)
c:/avr8-gnu/bin/../lib/gcc/avr/5.4.0/../../../../avr/lib/avr4\libc.a(ultoa_invert.o)
                              c:/avr8-gnu/bin/../lib/gcc/avr/5.4.0/../../../../avr/lib/avr4\libc.a(vfprintf_std.o) (__ultoa_invert)
c:/avr8-gnu/bin/../lib/gcc/avr/5.4.0/avr4\libgcc.a(_prologue.o)
                              c:/avr8-gnu/bin/../lib/gcc/avr/5.4.0/../../../../avr/lib/avr4\libc.a(sprintf.o) (__prologue_saves__)
c:/avr8-gnu/bin/../lib/gcc/avr/5.4.0/avr4\libgcc.a(_epilogue.o)
                              c:/avr8-gnu/bin/../lib/gcc/avr/5.4.0/../../../../avr/lib/avr4\libc.a(sprintf.o) (__epilogue_restores__)

Discarded input sections

 .data          0x00000000        0x0 C:/Program Files (x86)/Atmel/Studio/7.0/Packs/atmel/ATmega_DFP/1.3.300/gcc/dev/atmega8/avr4/crtatmega8.o
 .bss           0x00000000        0x0 C:/Program Files (x86)/Atmel/Studio/7.0/Packs/atmel/ATmega_DFP/1.3.300/gcc/dev/atmega8/avr4/crtatmega8.o
 .text          0x00000000        0x0 main.o
 .data          0x00000000        0x0 main.o
 .bss           0x00000000        0x0 main.o
 .text._Z13checkClippingv
                0x00000000        0xc main.o
 .text          0x00000000        0x0 src/Display.o
 .data          0x00000000        0x0 src/Display.o
 .bss           0x00000000        0x0 src/Display.o
 .text._ZN7Display5cleanEv
                0x00000000        0xa src/Display.o
 .text._ZN7Display14cleanIndicatorEv
                0x00000000       0x20 src/Display.o
 .text._ZN7Display5writeEj
                0x00000000       0x16 src/Display.o
 .text._ZN7Display5lightE16DisplInstruction
                0x00000000        0x6 src/Display.o
 .text._ZN7Display10initializeEv
                0x00000000       0x24 src/Display.o
 .text._ZN7Display14printCacheInfoEv
                0x00000000        0x2 src/Display.o
 .text._ZN7Display11resetIfTimeEPj
                0x00000000       0x36 src/Display.o
 .text          0x00000000        0x0 src/noteDetection.o
 .data          0x00000000        0x0 src/noteDetection.o
 .bss           0x00000000        0x0 src/noteDetection.o
 .text._Z21get_octave_multiplierd
                0x00000000       0x7c src/noteDetection.o
 .text          0x00000000        0x0 src/light_ws2812.o
 .data          0x00000000        0x0 src/light_ws2812.o
 .bss           0x00000000        0x0 src/light_ws2812.o
 .text.ws2812_setleds
                0x00000000       0x72 src/light_ws2812.o
 .text.ws2812_setleds_pin
                0x00000000       0x7c src/light_ws2812.o
 .text.ws2812_setleds_rgbw
                0x00000000       0x70 src/light_ws2812.o
 .text.ws2812_sendarray_mask
                0x00000000       0x66 src/light_ws2812.o
 .text          0x00000000        0x0 src/serial.o
 .data          0x00000000        0x0 src/serial.o
 .bss           0x00000000        0x0 src/serial.o
 .text._Z20USART_Transmit_ar_lnPc
                0x00000000        0xc src/serial.o
 .text._Z27USART_Transmit_unsigned_intj
                0x00000000       0x56 src/serial.o
 .text          0x00000000        0x0 c:/avr8-gnu/bin/../lib/gcc/avr/5.4.0/../../../../avr/lib/avr4\libm.a(addsf3.o)
 .data          0x00000000        0x0 c:/avr8-gnu/bin/../lib/gcc/avr/5.4.0/../../../../avr/lib/avr4\libm.a(addsf3.o)
 .bss           0x00000000        0x0 c:/avr8-gnu/bin/../lib/gcc/avr/5.4.0/../../../../avr/lib/avr4\libm.a(addsf3.o)
 .text          0x00000000        0x0 c:/avr8-gnu/bin/../lib/gcc/avr/5.4.0/../../../../avr/lib/avr4\libm.a(addsf3x.o)
 .data          0x00000000        0x0 c:/avr8-gnu/bin/../lib/gcc/avr/5.4.0/../../../../avr/lib/avr4\libm.a(addsf3x.o)
 .bss           0x00000000        0x0 c:/avr8-gnu/bin/../lib/gcc/avr/5.4.0/../../../../avr/lib/avr4\libm.a(addsf3x.o)
 .text          0x00000000        0x0 c:/avr8-gnu/bin/../lib/gcc/avr/5.4.0/../../../../avr/lib/avr4\libm.a(cmpsf2.o)
 .data          0x00000000        0x0 c:/avr8-gnu/bin/../lib/gcc/avr/5.4.0/../../../../avr/lib/avr4\libm.a(cmpsf2.o)
 .bss           0x00000000        0x0 c:/avr8-gnu/bin/../lib/gcc/avr/5.4.0/../../../../avr/lib/avr4\libm.a(cmpsf2.o)
 .text          0x00000000        0x0 c:/avr8-gnu/bin/../lib/gcc/avr/5.4.0/../../../../avr/lib/avr4\libm.a(divsf3.o)
 .data          0x00000000        0x0 c:/avr8-gnu/bin/../lib/gcc/avr/5.4.0/../../../../avr/lib/avr4\libm.a(divsf3.o)
 .bss           0x00000000        0x0 c:/avr8-gnu/bin/../lib/gcc/avr/5.4.0/../../../../avr/lib/avr4\libm.a(divsf3.o)
 .text          0x00000000        0x0 c:/avr8-gnu/bin/../lib/gcc/avr/5.4.0/../../../../avr/lib/avr4\libm.a(divsf3x.o)
 .data          0x00000000        0x0 c:/avr8-gnu/bin/../lib/gcc/avr/5.4.0/../../../../avr/lib/avr4\libm.a(divsf3x.o)
 .bss           0x00000000        0x0 c:/avr8-gnu/bin/../lib/gcc/avr/5.4.0/../../../../avr/lib/avr4\libm.a(divsf3x.o)
 .text          0x00000000        0x0 c:/avr8-gnu/bin/../lib/gcc/avr/5.4.0/../../../../avr/lib/avr4\libm.a(fixsfsi.o)
 .data          0x00000000        0x0 c:/avr8-gnu/bin/../lib/gcc/avr/5.4.0/../../../../avr/lib/avr4\libm.a(fixsfsi.o)
 .bss           0x00000000        0x0 c:/avr8-gnu/bin/../lib/gcc/avr/5.4.0/../../../../avr/lib/avr4\libm.a(fixsfsi.o)
 .text          0x00000000        0x0 c:/avr8-gnu/bin/../lib/gcc/avr/5.4.0/../../../../avr/lib/avr4\libm.a(fixunssfsi.o)
 .data          0x00000000        0x0 c:/avr8-gnu/bin/../lib/gcc/avr/5.4.0/../../../../avr/lib/avr4\libm.a(fixunssfsi.o)
 .bss           0x00000000        0x0 c:/avr8-gnu/bin/../lib/gcc/avr/5.4.0/../../../../avr/lib/avr4\libm.a(fixunssfsi.o)
 .text          0x00000000        0x0 c:/avr8-gnu/bin/../lib/gcc/avr/5.4.0/../../../../avr/lib/avr4\libm.a(floatsisf.o)
 .data          0x00000000        0x0 c:/avr8-gnu/bin/../lib/gcc/avr/5.4.0/../../../../avr/lib/avr4\libm.a(floatsisf.o)
 .bss           0x00000000        0x0 c:/avr8-gnu/bin/../lib/gcc/avr/5.4.0/../../../../avr/lib/avr4\libm.a(floatsisf.o)
 .text          0x00000000        0x0 c:/avr8-gnu/bin/../lib/gcc/avr/5.4.0/../../../../avr/lib/avr4\libm.a(fmin.o)
 .data          0x00000000        0x0 c:/avr8-gnu/bin/../lib/gcc/avr/5.4.0/../../../../avr/lib/avr4\libm.a(fmin.o)
 .bss           0x00000000        0x0 c:/avr8-gnu/bin/../lib/gcc/avr/5.4.0/../../../../avr/lib/avr4\libm.a(fmin.o)
 .text          0x00000000        0x0 c:/avr8-gnu/bin/../lib/gcc/avr/5.4.0/../../../../avr/lib/avr4\libm.a(fp_cmp.o)
 .data          0x00000000        0x0 c:/avr8-gnu/bin/../lib/gcc/avr/5.4.0/../../../../avr/lib/avr4\libm.a(fp_cmp.o)
 .bss           0x00000000        0x0 c:/avr8-gnu/bin/../lib/gcc/avr/5.4.0/../../../../avr/lib/avr4\libm.a(fp_cmp.o)
 .text          0x00000000        0x0 c:/avr8-gnu/bin/../lib/gcc/avr/5.4.0/../../../../avr/lib/avr4\libm.a(fp_inf.o)
 .data          0x00000000        0x0 c:/avr8-gnu/bin/../lib/gcc/avr/5.4.0/../../../../avr/lib/avr4\libm.a(fp_inf.o)
 .bss           0x00000000        0x0 c:/avr8-gnu/bin/../lib/gcc/avr/5.4.0/../../../../avr/lib/avr4\libm.a(fp_inf.o)
 .text          0x00000000        0x0 c:/avr8-gnu/bin/../lib/gcc/avr/5.4.0/../../../../avr/lib/avr4\libm.a(fp_nan.o)
 .data          0x00000000        0x0 c:/avr8-gnu/bin/../lib/gcc/avr/5.4.0/../../../../avr/lib/avr4\libm.a(fp_nan.o)
 .bss           0x00000000        0x0 c:/avr8-gnu/bin/../lib/gcc/avr/5.4.0/../../../../avr/lib/avr4\libm.a(fp_nan.o)
 .text          0x00000000        0x0 c:/avr8-gnu/bin/../lib/gcc/avr/5.4.0/../../../../avr/lib/avr4\libm.a(fp_pscA.o)
 .data          0x00000000        0x0 c:/avr8-gnu/bin/../lib/gcc/avr/5.4.0/../../../../avr/lib/avr4\libm.a(fp_pscA.o)
 .bss           0x00000000        0x0 c:/avr8-gnu/bin/../lib/gcc/avr/5.4.0/../../../../avr/lib/avr4\libm.a(fp_pscA.o)
 .text          0x00000000        0x0 c:/avr8-gnu/bin/../lib/gcc/avr/5.4.0/../../../../avr/lib/avr4\libm.a(fp_pscB.o)
 .data          0x00000000        0x0 c:/avr8-gnu/bin/../lib/gcc/avr/5.4.0/../../../../avr/lib/avr4\libm.a(fp_pscB.o)
 .bss           0x00000000        0x0 c:/avr8-gnu/bin/../lib/gcc/avr/5.4.0/../../../../avr/lib/avr4\libm.a(fp_pscB.o)
 .text          0x00000000        0x0 c:/avr8-gnu/bin/../lib/gcc/avr/5.4.0/../../../../avr/lib/avr4\libm.a(fp_round.o)
 .data          0x00000000        0x0 c:/avr8-gnu/bin/../lib/gcc/avr/5.4.0/../../../../avr/lib/avr4\libm.a(fp_round.o)
 .bss           0x00000000        0x0 c:/avr8-gnu/bin/../lib/gcc/avr/5.4.0/../../../../avr/lib/avr4\libm.a(fp_round.o)
 .text          0x00000000        0x0 c:/avr8-gnu/bin/../lib/gcc/avr/5.4.0/../../../../avr/lib/avr4\libm.a(fp_split3.o)
 .data          0x00000000        0x0 c:/avr8-gnu/bin/../lib/gcc/avr/5.4.0/../../../../avr/lib/avr4\libm.a(fp_split3.o)
 .bss           0x00000000        0x0 c:/avr8-gnu/bin/../lib/gcc/avr/5.4.0/../../../../avr/lib/avr4\libm.a(fp_split3.o)
 .text          0x00000000        0x0 c:/avr8-gnu/bin/../lib/gcc/avr/5.4.0/../../../../avr/lib/avr4\libm.a(fp_zero.o)
 .data          0x00000000        0x0 c:/avr8-gnu/bin/../lib/gcc/avr/5.4.0/../../../../avr/lib/avr4\libm.a(fp_zero.o)
 .bss           0x00000000        0x0 c:/avr8-gnu/bin/../lib/gcc/avr/5.4.0/../../../../avr/lib/avr4\libm.a(fp_zero.o)
 .text          0x00000000        0x0 c:/avr8-gnu/bin/../lib/gcc/avr/5.4.0/../../../../avr/lib/avr4\libm.a(gesf2.o)
 .data          0x00000000        0x0 c:/avr8-gnu/bin/../lib/gcc/avr/5.4.0/../../../../avr/lib/avr4\libm.a(gesf2.o)
 .bss           0x00000000        0x0 c:/avr8-gnu/bin/../lib/gcc/avr/5.4.0/../../../../avr/lib/avr4\libm.a(gesf2.o)
 .text          0x00000000        0x0 c:/avr8-gnu/bin/../lib/gcc/avr/5.4.0/../../../../avr/lib/avr4\libm.a(mulsf3.o)
 .data          0x00000000        0x0 c:/avr8-gnu/bin/../lib/gcc/avr/5.4.0/../../../../avr/lib/avr4\libm.a(mulsf3.o)
 .bss           0x00000000        0x0 c:/avr8-gnu/bin/../lib/gcc/avr/5.4.0/../../../../avr/lib/avr4\libm.a(mulsf3.o)
 .text          0x00000000        0x0 c:/avr8-gnu/bin/../lib/gcc/avr/5.4.0/../../../../avr/lib/avr4\libm.a(mulsf3x.o)
 .data          0x00000000        0x0 c:/avr8-gnu/bin/../lib/gcc/avr/5.4.0/../../../../avr/lib/avr4\libm.a(mulsf3x.o)
 .bss           0x00000000        0x0 c:/avr8-gnu/bin/../lib/gcc/avr/5.4.0/../../../../avr/lib/avr4\libm.a(mulsf3x.o)
 .text          0x00000000        0x0 c:/avr8-gnu/bin/../lib/gcc/avr/5.4.0/../../../../avr/lib/avr4\libm.a(sqrt.o)
 .data          0x00000000        0x0 c:/avr8-gnu/bin/../lib/gcc/avr/5.4.0/../../../../avr/lib/avr4\libm.a(sqrt.o)
 .bss           0x00000000        0x0 c:/avr8-gnu/bin/../lib/gcc/avr/5.4.0/../../../../avr/lib/avr4\libm.a(sqrt.o)
 .text          0x00000000        0x0 c:/avr8-gnu/bin/../lib/gcc/avr/5.4.0/../../../../avr/lib/avr4\libm.a(fp_mpack.o)
 .data          0x00000000        0x0 c:/avr8-gnu/bin/../lib/gcc/avr/5.4.0/../../../../avr/lib/avr4\libm.a(fp_mpack.o)
 .bss           0x00000000        0x0 c:/avr8-gnu/bin/../lib/gcc/avr/5.4.0/../../../../avr/lib/avr4\libm.a(fp_mpack.o)
 .text          0x00000000        0x0 c:/avr8-gnu/bin/../lib/gcc/avr/5.4.0/../../../../avr/lib/avr4\libm.a(fp_norm2.o)
 .data          0x00000000        0x0 c:/avr8-gnu/bin/../lib/gcc/avr/5.4.0/../../../../avr/lib/avr4\libm.a(fp_norm2.o)
 .bss           0x00000000        0x0 c:/avr8-gnu/bin/../lib/gcc/avr/5.4.0/../../../../avr/lib/avr4\libm.a(fp_norm2.o)
 .text          0x00000000        0x0 c:/avr8-gnu/bin/../lib/gcc/avr/5.4.0/avr4\libgcc.a(_exit.o)
 .data          0x00000000        0x0 c:/avr8-gnu/bin/../lib/gcc/avr/5.4.0/avr4\libgcc.a(_exit.o)
 .bss           0x00000000        0x0 c:/avr8-gnu/bin/../lib/gcc/avr/5.4.0/avr4\libgcc.a(_exit.o)
 .text.libgcc.mul
                0x00000000        0x0 c:/avr8-gnu/bin/../lib/gcc/avr/5.4.0/avr4\libgcc.a(_exit.o)
 .text.libgcc.div
                0x00000000        0x0 c:/avr8-gnu/bin/../lib/gcc/avr/5.4.0/avr4\libgcc.a(_exit.o)
 .text.libgcc   0x00000000        0x0 c:/avr8-gnu/bin/../lib/gcc/avr/5.4.0/avr4\libgcc.a(_exit.o)
 .text.libgcc.prologue
                0x00000000        0x0 c:/avr8-gnu/bin/../lib/gcc/avr/5.4.0/avr4\libgcc.a(_exit.o)
 .text.libgcc.builtins
                0x00000000        0x0 c:/avr8-gnu/bin/../lib/gcc/avr/5.4.0/avr4\libgcc.a(_exit.o)
 .text.libgcc.fmul
                0x00000000        0x0 c:/avr8-gnu/bin/../lib/gcc/avr/5.4.0/avr4\libgcc.a(_exit.o)
 .text.libgcc.fixed
                0x00000000        0x0 c:/avr8-gnu/bin/../lib/gcc/avr/5.4.0/avr4\libgcc.a(_exit.o)
 .text          0x00000000        0x0 c:/avr8-gnu/bin/../lib/gcc/avr/5.4.0/avr4\libgcc.a(_copy_data.o)
 .data          0x00000000        0x0 c:/avr8-gnu/bin/../lib/gcc/avr/5.4.0/avr4\libgcc.a(_copy_data.o)
 .bss           0x00000000        0x0 c:/avr8-gnu/bin/../lib/gcc/avr/5.4.0/avr4\libgcc.a(_copy_data.o)
 .text.libgcc.mul
                0x00000000        0x0 c:/avr8-gnu/bin/../lib/gcc/avr/5.4.0/avr4\libgcc.a(_copy_data.o)
 .text.libgcc.div
                0x00000000        0x0 c:/avr8-gnu/bin/../lib/gcc/avr/5.4.0/avr4\libgcc.a(_copy_data.o)
 .text.libgcc   0x00000000        0x0 c:/avr8-gnu/bin/../lib/gcc/avr/5.4.0/avr4\libgcc.a(_copy_data.o)
 .text.libgcc.prologue
                0x00000000        0x0 c:/avr8-gnu/bin/../lib/gcc/avr/5.4.0/avr4\libgcc.a(_copy_data.o)
 .text.libgcc.builtins
                0x00000000        0x0 c:/avr8-gnu/bin/../lib/gcc/avr/5.4.0/avr4\libgcc.a(_copy_data.o)
 .text.libgcc.fmul
                0x00000000        0x0 c:/avr8-gnu/bin/../lib/gcc/avr/5.4.0/avr4\libgcc.a(_copy_data.o)
 .text.libgcc.fixed
                0x00000000        0x0 c:/avr8-gnu/bin/../lib/gcc/avr/5.4.0/avr4\libgcc.a(_copy_data.o)
 .text          0x00000000        0x0 c:/avr8-gnu/bin/../lib/gcc/avr/5.4.0/avr4\libgcc.a(_clear_bss.o)
 .data          0x00000000        0x0 c:/avr8-gnu/bin/../lib/gcc/avr/5.4.0/avr4\libgcc.a(_clear_bss.o)
 .bss           0x00000000        0x0 c:/avr8-gnu/bin/../lib/gcc/avr/5.4.0/avr4\libgcc.a(_clear_bss.o)
 .text.libgcc.mul
                0x00000000        0x0 c:/avr8-gnu/bin/../lib/gcc/avr/5.4.0/avr4\libgcc.a(_clear_bss.o)
 .text.libgcc.div
                0x00000000        0x0 c:/avr8-gnu/bin/../lib/gcc/avr/5.4.0/avr4\libgcc.a(_clear_bss.o)
 .text.libgcc   0x00000000        0x0 c:/avr8-gnu/bin/../lib/gcc/avr/5.4.0/avr4\libgcc.a(_clear_bss.o)
 .text.libgcc.prologue
                0x00000000        0x0 c:/avr8-gnu/bin/../lib/gcc/avr/5.4.0/avr4\libgcc.a(_clear_bss.o)
 .text.libgcc.builtins
                0x00000000        0x0 c:/avr8-gnu/bin/../lib/gcc/avr/5.4.0/avr4\libgcc.a(_clear_bss.o)
 .text.libgcc.fmul
                0x00000000        0x0 c:/avr8-gnu/bin/../lib/gcc/avr/5.4.0/avr4\libgcc.a(_clear_bss.o)
 .text.libgcc.fixed
                0x00000000        0x0 c:/avr8-gnu/bin/../lib/gcc/avr/5.4.0/avr4\libgcc.a(_clear_bss.o)
 .text          0x00000000        0x0 c:/avr8-gnu/bin/../lib/gcc/avr/5.4.0/avr4\libgcc.a(_ctors.o)
 .data          0x00000000        0x0 c:/avr8-gnu/bin/../lib/gcc/avr/5.4.0/avr4\libgcc.a(_ctors.o)
 .bss           0x00000000        0x0 c:/avr8-gnu/bin/../lib/gcc/avr/5.4.0/avr4\libgcc.a(_ctors.o)
 .text.libgcc.mul
                0x00000000        0x0 c:/avr8-gnu/bin/../lib/gcc/avr/5.4.0/avr4\libgcc.a(_ctors.o)
 .text.libgcc.div
                0x00000000        0x0 c:/avr8-gnu/bin/../lib/gcc/avr/5.4.0/avr4\libgcc.a(_ctors.o)
 .text.libgcc   0x00000000        0x0 c:/avr8-gnu/bin/../lib/gcc/avr/5.4.0/avr4\libgcc.a(_ctors.o)
 .text.libgcc.prologue
                0x00000000        0x0 c:/avr8-gnu/bin/../lib/gcc/avr/5.4.0/avr4\libgcc.a(_ctors.o)
 .text.libgcc.builtins
                0x00000000        0x0 c:/avr8-gnu/bin/../lib/gcc/avr/5.4.0/avr4\libgcc.a(_ctors.o)
 .text.libgcc.fmul
                0x00000000        0x0 c:/avr8-gnu/bin/../lib/gcc/avr/5.4.0/avr4\libgcc.a(_ctors.o)
 .text.libgcc.fixed
                0x00000000        0x0 c:/avr8-gnu/bin/../lib/gcc/avr/5.4.0/avr4\libgcc.a(_ctors.o)
 .text          0x00000000        0x0 c:/avr8-gnu/bin/../lib/gcc/avr/5.4.0/avr4\libgcc.a(_tablejump2.o)
 .data          0x00000000        0x0 c:/avr8-gnu/bin/../lib/gcc/avr/5.4.0/avr4\libgcc.a(_tablejump2.o)
 .bss           0x00000000        0x0 c:/avr8-gnu/bin/../lib/gcc/avr/5.4.0/avr4\libgcc.a(_tablejump2.o)
 .text.libgcc.mul
                0x00000000        0x0 c:/avr8-gnu/bin/../lib/gcc/avr/5.4.0/avr4\libgcc.a(_tablejump2.o)
 .text.libgcc.div
                0x00000000        0x0 c:/avr8-gnu/bin/../lib/gcc/avr/5.4.0/avr4\libgcc.a(_tablejump2.o)
 .text.libgcc.prologue
                0x00000000        0x0 c:/avr8-gnu/bin/../lib/gcc/avr/5.4.0/avr4\libgcc.a(_tablejump2.o)
 .text.libgcc.builtins
                0x00000000        0x0 c:/avr8-gnu/bin/../lib/gcc/avr/5.4.0/avr4\libgcc.a(_tablejump2.o)
 .text.libgcc.fmul
                0x00000000        0x0 c:/avr8-gnu/bin/../lib/gcc/avr/5.4.0/avr4\libgcc.a(_tablejump2.o)
 .text.libgcc.fixed
                0x00000000        0x0 c:/avr8-gnu/bin/../lib/gcc/avr/5.4.0/avr4\libgcc.a(_tablejump2.o)
 .text          0x00000000        0x0 c:/avr8-gnu/bin/../lib/gcc/avr/5.4.0/../../../../avr/lib/avr4\libc.a(sprintf.o)
 .data          0x00000000        0x0 c:/avr8-gnu/bin/../lib/gcc/avr/5.4.0/../../../../avr/lib/avr4\libc.a(sprintf.o)
 .bss           0x00000000        0x0 c:/avr8-gnu/bin/../lib/gcc/avr/5.4.0/../../../../avr/lib/avr4\libc.a(sprintf.o)
 .text          0x00000000        0x0 c:/avr8-gnu/bin/../lib/gcc/avr/5.4.0/../../../../avr/lib/avr4\libc.a(vfprintf_std.o)
 .data          0x00000000        0x0 c:/avr8-gnu/bin/../lib/gcc/avr/5.4.0/../../../../avr/lib/avr4\libc.a(vfprintf_std.o)
 .bss           0x00000000        0x0 c:/avr8-gnu/bin/../lib/gcc/avr/5.4.0/../../../../avr/lib/avr4\libc.a(vfprintf_std.o)
 .text          0x00000000        0x0 c:/avr8-gnu/bin/../lib/gcc/avr/5.4.0/../../../../avr/lib/avr4\libc.a(strnlen_P.o)
 .data          0x00000000        0x0 c:/avr8-gnu/bin/../lib/gcc/avr/5.4.0/../../../../avr/lib/avr4\libc.a(strnlen_P.o)
 .bss           0x00000000        0x0 c:/avr8-gnu/bin/../lib/gcc/avr/5.4.0/../../../../avr/lib/avr4\libc.a(strnlen_P.o)
 .text          0x00000000        0x0 c:/avr8-gnu/bin/../lib/gcc/avr/5.4.0/../../../../avr/lib/avr4\libc.a(strnlen.o)
 .data          0x00000000        0x0 c:/avr8-gnu/bin/../lib/gcc/avr/5.4.0/../../../../avr/lib/avr4\libc.a(strnlen.o)
 .bss           0x00000000        0x0 c:/avr8-gnu/bin/../lib/gcc/avr/5.4.0/../../../../avr/lib/avr4\libc.a(strnlen.o)
 .text          0x00000000        0x0 c:/avr8-gnu/bin/../lib/gcc/avr/5.4.0/../../../../avr/lib/avr4\libc.a(fputc.o)
 .data          0x00000000        0x0 c:/avr8-gnu/bin/../lib/gcc/avr/5.4.0/../../../../avr/lib/avr4\libc.a(fputc.o)
 .bss           0x00000000        0x0 c:/avr8-gnu/bin/../lib/gcc/avr/5.4.0/../../../../avr/lib/avr4\libc.a(fputc.o)
 .text          0x00000000        0x0 c:/avr8-gnu/bin/../lib/gcc/avr/5.4.0/../../../../avr/lib/avr4\libc.a(ultoa_invert.o)
 .data          0x00000000        0x0 c:/avr8-gnu/bin/../lib/gcc/avr/5.4.0/../../../../avr/lib/avr4\libc.a(ultoa_invert.o)
 .bss           0x00000000        0x0 c:/avr8-gnu/bin/../lib/gcc/avr/5.4.0/../../../../avr/lib/avr4\libc.a(ultoa_invert.o)
 .text          0x00000000        0x0 c:/avr8-gnu/bin/../lib/gcc/avr/5.4.0/avr4\libgcc.a(_prologue.o)
 .data          0x00000000        0x0 c:/avr8-gnu/bin/../lib/gcc/avr/5.4.0/avr4\libgcc.a(_prologue.o)
 .bss           0x00000000        0x0 c:/avr8-gnu/bin/../lib/gcc/avr/5.4.0/avr4\libgcc.a(_prologue.o)
 .text.libgcc.mul
                0x00000000        0x0 c:/avr8-gnu/bin/../lib/gcc/avr/5.4.0/avr4\libgcc.a(_prologue.o)
 .text.libgcc.div
                0x00000000        0x0 c:/avr8-gnu/bin/../lib/gcc/avr/5.4.0/avr4\libgcc.a(_prologue.o)
 .text.libgcc   0x00000000        0x0 c:/avr8-gnu/bin/../lib/gcc/avr/5.4.0/avr4\libgcc.a(_prologue.o)
 .text.libgcc.builtins
                0x00000000        0x0 c:/avr8-gnu/bin/../lib/gcc/avr/5.4.0/avr4\libgcc.a(_prologue.o)
 .text.libgcc.fmul
                0x00000000        0x0 c:/avr8-gnu/bin/../lib/gcc/avr/5.4.0/avr4\libgcc.a(_prologue.o)
 .text.libgcc.fixed
                0x00000000        0x0 c:/avr8-gnu/bin/../lib/gcc/avr/5.4.0/avr4\libgcc.a(_prologue.o)
 .text          0x00000000        0x0 c:/avr8-gnu/bin/../lib/gcc/avr/5.4.0/avr4\libgcc.a(_epilogue.o)
 .data          0x00000000        0x0 c:/avr8-gnu/bin/../lib/gcc/avr/5.4.0/avr4\libgcc.a(_epilogue.o)
 .bss           0x00000000        0x0 c:/avr8-gnu/bin/../lib/gcc/avr/5.4.0/avr4\libgcc.a(_epilogue.o)
 .text.libgcc.mul
                0x00000000        0x0 c:/avr8-gnu/bin/../lib/gcc/avr/5.4.0/avr4\libgcc.a(_epilogue.o)
 .text.libgcc.div
                0x00000000        0x0 c:/avr8-gnu/bin/../lib/gcc/avr/5.4.0/avr4\libgcc.a(_epilogue.o)
 .text.libgcc   0x00000000        0x0 c:/avr8-gnu/bin/../lib/gcc/avr/5.4.0/avr4\libgcc.a(_epilogue.o)
 .text.libgcc.builtins
                0x00000000        0x0 c:/avr8-gnu/bin/../lib/gcc/avr/5.4.0/avr4\libgcc.a(_epilogue.o)
 .text.libgcc.fmul
                0x00000000        0x0 c:/avr8-gnu/bin/../lib/gcc/avr/5.4.0/avr4\libgcc.a(_epilogue.o)
 .text.libgcc.fixed
                0x00000000        0x0 c:/avr8-gnu/bin/../lib/gcc/avr/5.4.0/avr4\libgcc.a(_epilogue.o)

Memory Configuration

Name             Origin             Length             Attributes
text             0x00000000         0x00002000         xr
data             0x00800060         0x0000ffa0         rw !x
eeprom           0x00810000         0x00010000         rw !x
fuse             0x00820000         0x00000002         rw !x
lock             0x00830000         0x00000400         rw !x
signature        0x00840000         0x00000400         rw !x
user_signatures  0x00850000         0x00000400         rw !x
*default*        0x00000000         0xffffffff

Linker script and memory map

LOAD C:/Program Files (x86)/Atmel/Studio/7.0/Packs/atmel/ATmega_DFP/1.3.300/gcc/dev/atmega8/avr4/crtatmega8.o
LOAD main.o
LOAD src/Display.o
LOAD src/noteDetection.o
LOAD src/light_ws2812.o
LOAD src/serial.o
START GROUP
LOAD c:/avr8-gnu/bin/../lib/gcc/avr/5.4.0/../../../../avr/lib/avr4\libm.a
END GROUP
LOAD c:/avr8-gnu/bin/../lib/gcc/avr/5.4.0/avr4\libgcc.a
LOAD c:/avr8-gnu/bin/../lib/gcc/avr/5.4.0/../../../../avr/lib/avr4\libm.a
START GROUP
LOAD c:/avr8-gnu/bin/../lib/gcc/avr/5.4.0/avr4\libgcc.a
LOAD c:/avr8-gnu/bin/../lib/gcc/avr/5.4.0/../../../../avr/lib/avr4\libm.a
LOAD c:/avr8-gnu/bin/../lib/gcc/avr/5.4.0/../../../../avr/lib/avr4\libc.a
LOAD C:/Program Files (x86)/Atmel/Studio/7.0/Packs/atmel/ATmega_DFP/1.3.300/gcc/dev/atmega8/avr4\libatmega8.a
END GROUP
                0x00002000                __TEXT_REGION_LENGTH__ = DEFINED (__TEXT_REGION_LENGTH__)?__TEXT_REGION_LENGTH__:0x2000
                0x0000ffa0                __DATA_REGION_LENGTH__ = DEFINED (__DATA_REGION_LENGTH__)?__DATA_REGION_LENGTH__:0xffa0
                0x00010000                __EEPROM_REGION_LENGTH__ = DEFINED (__EEPROM_REGION_LENGTH__)?__EEPROM_REGION_LENGTH__:0x10000
                [0x00000002]                __FUSE_REGION_LENGTH__ = DEFINED (__FUSE_REGION_LENGTH__)?__FUSE_REGION_LENGTH__:0x400
                0x00000400                __LOCK_REGION_LENGTH__ = DEFINED (__LOCK_REGION_LENGTH__)?__LOCK_REGION_LENGTH__:0x400
                0x00000400                __SIGNATURE_REGION_LENGTH__ = DEFINED (__SIGNATURE_REGION_LENGTH__)?__SIGNATURE_REGION_LENGTH__:0x400
                0x00000400                __USER_SIGNATURE_REGION_LENGTH__ = DEFINED (__USER_SIGNATURE_REGION_LENGTH__)?__USER_SIGNATURE_REGION_LENGTH__:0x400

.hash
 *(.hash)

.dynsym
 *(.dynsym)

.dynstr
 *(.dynstr)

.gnu.version
 *(.gnu.version)

.gnu.version_d
 *(.gnu.version_d)

.gnu.version_r
 *(.gnu.version_r)

.rel.init
 *(.rel.init)

.rela.init
 *(.rela.init)

.rel.text
 *(.rel.text)
 *(.rel.text.*)
 *(.rel.gnu.linkonce.t*)

.rela.text
 *(.rela.text)
 *(.rela.text.*)
 *(.rela.gnu.linkonce.t*)

.rel.fini
 *(.rel.fini)

.rela.fini
 *(.rela.fini)

.rel.rodata
 *(.rel.rodata)
 *(.rel.rodata.*)
 *(.rel.gnu.linkonce.r*)

.rela.rodata
 *(.rela.rodata)
 *(.rela.rodata.*)
 *(.rela.gnu.linkonce.r*)

.rel.data
 *(.rel.data)
 *(.rel.data.*)
 *(.rel.gnu.linkonce.d*)

.rela.data
 *(.rela.data)
 *(.rela.data.*)
 *(.rela.gnu.linkonce.d*)

.rel.ctors
 *(.rel.ctors)

.rela.ctors
 *(.rela.ctors)

.rel.dtors
 *(.rel.dtors)

.rela.dtors
 *(.rela.dtors)

.rel.got
 *(.rel.got)

.rela.got
 *(.rela.got)

.rel.bss
 *(.rel.bss)

.rela.bss
 *(.rela.bss)

.rel.plt
 *(.rel.plt)

.rela.plt
 *(.rela.plt)

.text           0x00000000     0x1c10
 *(.vectors)
 .vectors       0x00000000       0x26 C:/Program Files (x86)/Atmel/Studio/7.0/Packs/atmel/ATmega_DFP/1.3.300/gcc/dev/atmega8/avr4/crtatmega8.o
                0x00000000                __vector_default
                0x00000000                __vectors
 *(.vectors)
 *(.progmem.gcc*)
                0x00000026                . = ALIGN (0x2)
                0x00000026                __trampolines_start = .
 *(.trampolines)
 .trampolines   0x00000026        0x0 linker stubs
 *(.trampolines*)
                0x00000026                __trampolines_end = .
 *libprintf_flt.a:*(.progmem.data)
 *libc.a:*(.progmem.data)
 *(.progmem*)
                0x00000026                . = ALIGN (0x2)
 *(.jumptables)
 *(.jumptables*)
 *(.lowtext)
 *(.lowtext*)
                0x00000026                __ctors_start = .
 *(.ctors)
 .ctors         0x00000026        0x2 main.o
                0x00000028                __ctors_end = .
                0x00000028                __dtors_start = .
 *(.dtors)
                0x00000028                __dtors_end = .
 SORT(*)(.ctors)
 SORT(*)(.dtors)
 *(.init0)
 .init0         0x00000028        0x0 C:/Program Files (x86)/Atmel/Studio/7.0/Packs/atmel/ATmega_DFP/1.3.300/gcc/dev/atmega8/avr4/crtatmega8.o
                0x00000028                __init
 *(.init0)
 *(.init1)
 *(.init1)
 *(.init2)
 .init2         0x00000028        0xc C:/Program Files (x86)/Atmel/Studio/7.0/Packs/atmel/ATmega_DFP/1.3.300/gcc/dev/atmega8/avr4/crtatmega8.o
 *(.init2)
 *(.init3)
 *(.init3)
 *(.init4)
 .init4         0x00000034       0x16 c:/avr8-gnu/bin/../lib/gcc/avr/5.4.0/avr4\libgcc.a(_copy_data.o)
                0x00000034                __do_copy_data
 .init4         0x0000004a       0x10 c:/avr8-gnu/bin/../lib/gcc/avr/5.4.0/avr4\libgcc.a(_clear_bss.o)
                0x0000004a                __do_clear_bss
 *(.init4)
 *(.init5)
 *(.init5)
 *(.init6)
 .init6         0x0000005a       0x14 c:/avr8-gnu/bin/../lib/gcc/avr/5.4.0/avr4\libgcc.a(_ctors.o)
                0x0000005a                __do_global_ctors
 *(.init6)
 *(.init7)
 *(.init7)
 *(.init8)
 *(.init8)
 *(.init9)
 .init9         0x0000006e        0x4 C:/Program Files (x86)/Atmel/Studio/7.0/Packs/atmel/ATmega_DFP/1.3.300/gcc/dev/atmega8/avr4/crtatmega8.o
 *(.init9)
 *(.text)
 .text          0x00000072        0x2 C:/Program Files (x86)/Atmel/Studio/7.0/Packs/atmel/ATmega_DFP/1.3.300/gcc/dev/atmega8/avr4/crtatmega8.o
                0x00000072                __vector_1
                0x00000072                __vector_12
                0x00000072                __bad_interrupt
                0x00000072                __vector_6
                0x00000072                __vector_3
                0x00000072                __vector_11
                0x00000072                __vector_13
                0x00000072                __vector_17
                0x00000072                __vector_7
                0x00000072                __vector_5
                0x00000072                __vector_4
                0x00000072                __vector_9
                0x00000072                __vector_2
                0x00000072                __vector_15
                0x00000072                __vector_8
                0x00000072                __vector_10
                0x00000072                __vector_16
                0x00000072                __vector_18
                0x00000074                . = ALIGN (0x2)
 *(.text.*)
 .text._Z5setupv
                0x00000074       0x18 main.o
                0x00000074                _Z5setupv
 .text._Z5resetv
                0x0000008c       0x12 main.o
                0x0000008c                _Z5resetv
 .text.__vector_14
                0x0000009e      0x300 main.o
                0x0000009e                __vector_14
 .text._Z6get_avPdi
                0x0000039e       0x8a main.o
                0x0000039e                _Z6get_avPdi
 .text._Z11calculateSDPdi
                0x00000428       0xf2 main.o
                0x00000428                _Z11calculateSDPdi
 .text.main     0x0000051a      0x214 main.o
                0x0000051a                main
 .text._GLOBAL__sub_I_currentNote
                0x0000072e       0x10 main.o
 .text._ZN7Display5lightEj
                0x0000073e       0x34 src/Display.o
                0x0000073e                _ZN7Display5lightEj
 .text._ZN7Display10lightSharpEb
                0x00000772       0x10 src/Display.o
                0x00000772                _ZN7Display10lightSharpEb
 .text._ZN7Display12rebuildCacheEd
                0x00000782      0x132 src/Display.o
                0x00000782                _ZN7Display12rebuildCacheEd
 .text._ZN7Display25getIndicatorValByDistanceEdd
                0x000008b4       0xf8 src/Display.o
                0x000008b4                _ZN7Display25getIndicatorValByDistanceEdd
 .text._ZN7Display14lightIndicatorEPK4Noted
                0x000009ac      0x230 src/Display.o
                0x000009ac                _ZN7Display14lightIndicatorEPK4Noted
 .text._ZN7Display11displayNoteEPK4Noted
                0x00000bdc       0x7c src/Display.o
                0x00000bdc                _ZN7Display11displayNoteEPK4Noted
 .text._Z11isFreqLegald
                0x00000c58       0x3c src/noteDetection.o
                0x00000c58                _Z11isFreqLegald
 .text._Z13getNoteByFreqP4Noted
                0x00000c94      0x390 src/noteDetection.o
                0x00000c94                _Z13getNoteByFreqP4Noted
 .text.ws2812_sendarray
                0x00001024       0x5c src/light_ws2812.o
                0x00001024                ws2812_sendarray
 .text._Z10USART_Initj
                0x00001080        0xe src/serial.o
                0x00001080                _Z10USART_Initj
 .text._Z14USART_Transmith
                0x0000108e        0x8 src/serial.o
                0x0000108e                _Z14USART_Transmith
 .text._Z17USART_Transmit_arPc
                0x00001096       0x38 src/serial.o
                0x00001096                _Z17USART_Transmit_arPc
 .text._Z18USART_Transmit_inti
                0x000010ce       0x56 src/serial.o
                0x000010ce                _Z18USART_Transmit_inti
 .text._Z13USART_Printlnv
                0x00001124        0xa src/serial.o
                0x00001124                _Z13USART_Printlnv
 .text.avr-libc.fplib
                0x0000112e        0xa c:/avr8-gnu/bin/../lib/gcc/avr/5.4.0/../../../../avr/lib/avr4\libm.a(addsf3.o)
                0x0000112e                __subsf3
                0x00001130                __addsf3
 .text.avr-libc.fplib
                0x00001138       0xc0 c:/avr8-gnu/bin/../lib/gcc/avr/5.4.0/../../../../avr/lib/avr4\libm.a(addsf3x.o)
                0x00001152                __addsf3x
 .text.avr-libc.fplib
                0x000011f8        0x8 c:/avr8-gnu/bin/../lib/gcc/avr/5.4.0/../../../../avr/lib/avr4\libm.a(cmpsf2.o)
                0x000011f8                __nesf2
                0x000011f8                __eqsf2
                0x000011f8                __cmpsf2
                0x000011f8                __ltsf2
                0x000011f8                __lesf2
 .text.avr-libc.fplib
                0x00001200        0x4 c:/avr8-gnu/bin/../lib/gcc/avr/5.4.0/../../../../avr/lib/avr4\libm.a(divsf3.o)
                0x00001200                __divsf3
 .text.avr-libc.fplib
                0x00001204       0xcc c:/avr8-gnu/bin/../lib/gcc/avr/5.4.0/../../../../avr/lib/avr4\libm.a(divsf3x.o)
                0x0000121a                __divsf3x
                0x0000121e                __divsf3_pse
 .text.avr-libc.fplib
                0x000012d0        0xa c:/avr8-gnu/bin/../lib/gcc/avr/5.4.0/../../../../avr/lib/avr4\libm.a(fixsfsi.o)
                0x000012d0                __fixsfsi
 .text.avr-libc.fplib
                0x000012da       0x58 c:/avr8-gnu/bin/../lib/gcc/avr/5.4.0/../../../../avr/lib/avr4\libm.a(fixunssfsi.o)
                0x000012da                __fixunssfsi
 .text.avr-libc.fplib
                0x00001332       0x7a c:/avr8-gnu/bin/../lib/gcc/avr/5.4.0/../../../../avr/lib/avr4\libm.a(floatsisf.o)
                0x00001332                __floatunsisf
                0x00001336                __floatsisf
 .text.avr-libc.fplib
                0x000013ac       0x3e c:/avr8-gnu/bin/../lib/gcc/avr/5.4.0/../../../../avr/lib/avr4\libm.a(fmin.o)
                0x000013ac                fmin
 .text.avr-libc.fplib
                0x000013ea       0x48 c:/avr8-gnu/bin/../lib/gcc/avr/5.4.0/../../../../avr/lib/avr4\libm.a(fp_cmp.o)
                0x000013ea                __fp_cmp
 .text.avr-libc.fplib
                0x00001432        0xc c:/avr8-gnu/bin/../lib/gcc/avr/5.4.0/../../../../avr/lib/avr4\libm.a(fp_inf.o)
                0x00001432                __fp_inf
 .text.avr-libc.fplib
                0x0000143e        0x6 c:/avr8-gnu/bin/../lib/gcc/avr/5.4.0/../../../../avr/lib/avr4\libm.a(fp_nan.o)
                0x0000143e                __fp_nan
 .text.avr-libc.fplib
                0x00001444        0xe c:/avr8-gnu/bin/../lib/gcc/avr/5.4.0/../../../../avr/lib/avr4\libm.a(fp_pscA.o)
                0x00001444                __fp_pscA
 .text.avr-libc.fplib
                0x00001452        0xe c:/avr8-gnu/bin/../lib/gcc/avr/5.4.0/../../../../avr/lib/avr4\libm.a(fp_pscB.o)
                0x00001452                __fp_pscB
 .text.avr-libc.fplib
                0x00001460       0x22 c:/avr8-gnu/bin/../lib/gcc/avr/5.4.0/../../../../avr/lib/avr4\libm.a(fp_round.o)
                0x00001460                __fp_round
 .text.avr-libc.fplib
                0x00001482       0x44 c:/avr8-gnu/bin/../lib/gcc/avr/5.4.0/../../../../avr/lib/avr4\libm.a(fp_split3.o)
                0x00001482                __fp_split3
                0x00001492                __fp_splitA
 .text.avr-libc.fplib
                0x000014c6        0xe c:/avr8-gnu/bin/../lib/gcc/avr/5.4.0/../../../../avr/lib/avr4\libm.a(fp_zero.o)
                0x000014c6                __fp_zero
                0x000014c8                __fp_szero
 .text.avr-libc.fplib
                0x000014d4        0x8 c:/avr8-gnu/bin/../lib/gcc/avr/5.4.0/../../../../avr/lib/avr4\libm.a(gesf2.o)
                0x000014d4                __gesf2
                0x000014d4                __gtsf2
 .text.avr-libc.fplib
                0x000014dc        0x4 c:/avr8-gnu/bin/../lib/gcc/avr/5.4.0/../../../../avr/lib/avr4\libm.a(mulsf3.o)
                0x000014dc                __mulsf3
 .text.avr-libc.fplib
                0x000014e0       0xc2 c:/avr8-gnu/bin/../lib/gcc/avr/5.4.0/../../../../avr/lib/avr4\libm.a(mulsf3x.o)
                0x000014f4                __mulsf3x
                0x000014f8                __mulsf3_pse
 .text.avr-libc.fplib
                0x000015a2       0x84 c:/avr8-gnu/bin/../lib/gcc/avr/5.4.0/../../../../avr/lib/avr4\libm.a(sqrt.o)
                0x000015aa                sqrtf
                0x000015aa                sqrt
 .text.avr-libc.fplib
                0x00001626       0x1c c:/avr8-gnu/bin/../lib/gcc/avr/5.4.0/../../../../avr/lib/avr4\libm.a(fp_mpack.o)
                0x00001626                __fp_mpack
                0x0000162a                __fp_mpack_finite
 .text.avr-libc.fplib
                0x00001642        0xe c:/avr8-gnu/bin/../lib/gcc/avr/5.4.0/../../../../avr/lib/avr4\libm.a(fp_norm2.o)
                0x00001642                __fp_norm2
 .text.libgcc   0x00001650        0xc c:/avr8-gnu/bin/../lib/gcc/avr/5.4.0/avr4\libgcc.a(_tablejump2.o)
                0x00001650                __tablejump2__
 .text.avr-libc
                0x0000165c       0x3e c:/avr8-gnu/bin/../lib/gcc/avr/5.4.0/../../../../avr/lib/avr4\libc.a(sprintf.o)
                0x0000165c                sprintf
 .text.avr-libc
                0x0000169a      0x3a4 c:/avr8-gnu/bin/../lib/gcc/avr/5.4.0/../../../../avr/lib/avr4\libc.a(vfprintf_std.o)
                0x0000169a                vfprintf
 .text.avr-libc
                0x00001a3e       0x16 c:/avr8-gnu/bin/../lib/gcc/avr/5.4.0/../../../../avr/lib/avr4\libc.a(strnlen_P.o)
                0x00001a3e                strnlen_P
 .text.avr-libc
                0x00001a54       0x16 c:/avr8-gnu/bin/../lib/gcc/avr/5.4.0/../../../../avr/lib/avr4\libc.a(strnlen.o)
                0x00001a54                strnlen
 .text.avr-libc
                0x00001a6a       0x78 c:/avr8-gnu/bin/../lib/gcc/avr/5.4.0/../../../../avr/lib/avr4\libc.a(fputc.o)
                0x00001a6a                fputc
 .text.avr-libc
                0x00001ae2       0xbc c:/avr8-gnu/bin/../lib/gcc/avr/5.4.0/../../../../avr/lib/avr4\libc.a(ultoa_invert.o)
                0x00001ae2                __ultoa_invert
 .text.libgcc.prologue
                0x00001b9e       0x38 c:/avr8-gnu/bin/../lib/gcc/avr/5.4.0/avr4\libgcc.a(_prologue.o)
                0x00001b9e                __prologue_saves__
 .text.libgcc.prologue
                0x00001bd6       0x36 c:/avr8-gnu/bin/../lib/gcc/avr/5.4.0/avr4\libgcc.a(_epilogue.o)
                0x00001bd6                __epilogue_restores__
                0x00001c0c                . = ALIGN (0x2)
 *(.fini9)
 .fini9         0x00001c0c        0x0 c:/avr8-gnu/bin/../lib/gcc/avr/5.4.0/avr4\libgcc.a(_exit.o)
                0x00001c0c                _exit
                0x00001c0c                exit
 *(.fini9)
 *(.fini8)
 *(.fini8)
 *(.fini7)
 *(.fini7)
 *(.fini6)
 *(.fini6)
 *(.fini5)
 *(.fini5)
 *(.fini4)
 *(.fini4)
 *(.fini3)
 *(.fini3)
 *(.fini2)
 *(.fini2)
 *(.fini1)
 *(.fini1)
 *(.fini0)
 .fini0         0x00001c0c        0x4 c:/avr8-gnu/bin/../lib/gcc/avr/5.4.0/avr4\libgcc.a(_exit.o)
 *(.fini0)
                0x00001c10                _etext = .

.data           0x00800060       0x56 load address 0x00001c10
                0x00800060                PROVIDE (__data_start, .)
 *(.data)
 *(.data*)
 .data._ZL9MID_POINT
                0x00800060        0x1 main.o
 .data._ZL12ampThreshold
                0x00800061        0x1 main.o
 .data._ZL12noMatchLimit
                0x00800062        0x2 main.o
 .data._ZL8timerTol
                0x00800064        0x2 main.o
 .data._ZL8slopeTol
                0x00800066        0x1 main.o
 *(.gnu.linkonce.d*)
 *(.rodata)
 *(.rodata*)
 .rodata._ZL10noteSharps
                0x00800067        0xc src/noteDetection.o
 .rodata._ZL9noteNames
                0x00800073        0xc src/noteDetection.o
 .rodata._ZL16firstOctaveFreqs
                0x0080007f       0x30 src/noteDetection.o
 .rodata.str1.1
                0x008000af        0x6 src/serial.o
 *(.gnu.linkonce.r*)
                0x008000b6                . = ALIGN (0x2)
 *fill*         0x008000b5        0x1 
                0x008000b6                _edata = .
                0x008000b6                PROVIDE (__data_end, .)

.bss            0x008000b6      0x137
                0x008000b6                PROVIDE (__bss_start, .)
 *(.bss)
 *(.bss*)
 .bss.short_freq_ar_i
                0x008000b6        0x2 main.o
                0x008000b6                short_freq_ar_i
 .bss.short_last_frequencies
                0x008000b8       0x30 main.o
                0x008000b8                short_last_frequencies
 .bss.long_freq_ar_i
                0x008000e8        0x2 main.o
                0x008000e8                long_freq_ar_i
 .bss.long_last_frequencies
                0x008000ea       0x78 main.o
                0x008000ea                long_last_frequencies
 .bss._ZL5ticks
                0x00800162        0x2 main.o
 .bss._ZL11checkMaxAmp
                0x00800164        0x1 main.o
 .bss._ZL6maxAmp
                0x00800165        0x1 main.o
 .bss.ampTimer  0x00800166        0x2 main.o
                0x00800166                ampTimer
 .bss._ZL7noMatch
                0x00800168        0x1 main.o
 .bss._ZL8newSlope
                0x00800169        0x2 main.o
 .bss._ZL8maxSlope
                0x0080016b        0x2 main.o
 .bss._ZL9frequency
                0x0080016d        0x4 main.o
 .bss._ZL5index
                0x00800171        0x1 main.o
 .bss._ZL11periodReady
                0x00800172        0x1 main.o
 .bss._ZL6period
                0x00800173        0x2 main.o
 .bss._ZL10totalTimer
                0x00800175        0x2 main.o
 .bss._ZL5slope
                0x00800177       0x14 main.o
 .bss._ZL5timer
                0x0080018b       0x14 main.o
 .bss._ZL4time  0x0080019f        0x2 main.o
 .bss._ZL8prevData
                0x008001a1        0x1 main.o
 .bss._ZL7newData
                0x008001a2        0x1 main.o
 .bss._ZL8clipping
                0x008001a3        0x1 main.o
 .bss.displ     0x008001a4       0x3a main.o
                0x008001a4                displ
 .bss.currentNote
                0x008001de        0xf main.o
                0x008001de                currentNote
 *(COMMON)
                0x008001ed                PROVIDE (__bss_end, .)
                0x00001c10                __data_load_start = LOADADDR (.data)
                0x00001c66                __data_load_end = (__data_load_start + SIZEOF (.data))

.noinit         0x008001ed        0x0
                [!provide]                PROVIDE (__noinit_start, .)
 *(.noinit*)
                [!provide]                PROVIDE (__noinit_end, .)
                0x008001ed                _end = .
                [!provide]                PROVIDE (__heap_start, .)

.eeprom         0x00810000        0x0
 *(.eeprom*)
                0x00810000                __eeprom_end = .

.fuse
 *(.fuse)
 *(.lfuse)
 *(.hfuse)
 *(.efuse)

.lock
 *(.lock*)

.signature
 *(.signature*)

.user_signatures
 *(.user_signatures*)

.stab
 *(.stab)

.stabstr
 *(.stabstr)

.stab.excl
 *(.stab.excl)

.stab.exclstr
 *(.stab.exclstr)

.stab.index
 *(.stab.index)

.stab.indexstr
 *(.stab.indexstr)

.comment        0x00000000       0x5c
 *(.comment)
 .comment       0x00000000       0x30 main.o
                                 0x31 (size before relaxing)
 .comment       0x00000030       0x31 src/Display.o
 .comment       0x00000030       0x31 src/noteDetection.o
 .comment       0x00000030       0x31 src/light_ws2812.o
 .comment       0x00000030       0x31 src/serial.o
 .comment       0x00000030       0x31 c:/avr8-gnu/bin/../lib/gcc/avr/5.4.0/../../../../avr/lib/avr4\libc.a(sprintf.o)
 .comment       0x00000030       0x2c c:/avr8-gnu/bin/../lib/gcc/avr/5.4.0/../../../../avr/lib/avr4\libc.a(vfprintf_std.o)
                                 0x2d (size before relaxing)
 .comment       0x0000005c       0x31 c:/avr8-gnu/bin/../lib/gcc/avr/5.4.0/../../../../avr/lib/avr4\libc.a(fputc.o)

.note.gnu.avr.deviceinfo
                0x00000000       0x3c
 .note.gnu.avr.deviceinfo
                0x00000000       0x3c C:/Program Files (x86)/Atmel/Studio/7.0/Packs/atmel/ATmega_DFP/1.3.300/gcc/dev/atmega8/avr4/crtatmega8.o

.note.gnu.build-id
 *(.note.gnu.build-id)

.debug
 *(.debug)

.line
 *(.line)

.debug_srcinfo
 *(.debug_srcinfo)

.debug_sfnames
 *(.debug_sfnames)

.debug_aranges  0x00000000      0x198
 *(.debug_aranges)
 .debug_aranges
                0x00000000       0x58 main.o
 .debug_aranges
                0x00000058       0x80 src/Display.o
 .debug_aranges
                0x000000d8       0x30 src/noteDetection.o
 .debug_aranges
                0x00000108       0x40 src/light_ws2812.o
 .debug_aranges
                0x00000148       0x50 src/serial.o

.debug_pubnames
 *(.debug_pubnames)

.debug_info     0x00000000     0x2b13
 *(.debug_info .gnu.linkonce.wi.*)
 .debug_info    0x00000000      0x48c C:/Program Files (x86)/Atmel/Studio/7.0/Packs/atmel/ATmega_DFP/1.3.300/gcc/dev/atmega8/avr4/crtatmega8.o
 .debug_info    0x0000048c      0xde2 main.o
 .debug_info    0x0000126e      0xdc7 src/Display.o
 .debug_info    0x00002035      0x318 src/noteDetection.o
 .debug_info    0x0000234d      0x523 src/light_ws2812.o
 .debug_info    0x00002870      0x2a3 src/serial.o

.debug_abbrev   0x00000000      0xf74
 *(.debug_abbrev)
 .debug_abbrev  0x00000000      0x44e C:/Program Files (x86)/Atmel/Studio/7.0/Packs/atmel/ATmega_DFP/1.3.300/gcc/dev/atmega8/avr4/crtatmega8.o
 .debug_abbrev  0x0000044e      0x3ff main.o
 .debug_abbrev  0x0000084d      0x357 src/Display.o
 .debug_abbrev  0x00000ba4      0x16e src/noteDetection.o
 .debug_abbrev  0x00000d12      0x15f src/light_ws2812.o
 .debug_abbrev  0x00000e71      0x103 src/serial.o

.debug_line     0x00000000      0xe97
 *(.debug_line .debug_line.* .debug_line_end)
 .debug_line    0x00000000      0x109 C:/Program Files (x86)/Atmel/Studio/7.0/Packs/atmel/ATmega_DFP/1.3.300/gcc/dev/atmega8/avr4/crtatmega8.o
 .debug_line    0x00000109      0x45d main.o
 .debug_line    0x00000566      0x406 src/Display.o
 .debug_line    0x0000096c      0x190 src/noteDetection.o
 .debug_line    0x00000afc      0x24f src/light_ws2812.o
 .debug_line    0x00000d4b      0x14c src/serial.o

.debug_frame    0x00000000      0x58c
 *(.debug_frame)
 .debug_frame   0x00000000      0x168 main.o
 .debug_frame   0x00000168      0x210 src/Display.o
 .debug_frame   0x00000378       0xe0 src/noteDetection.o
 .debug_frame   0x00000458       0x64 src/light_ws2812.o
 .debug_frame   0x000004bc       0xd0 src/serial.o

.debug_str      0x00000000      0xd16
 *(.debug_str)
 .debug_str     0x00000000      0x17a C:/Program Files (x86)/Atmel/Studio/7.0/Packs/atmel/ATmega_DFP/1.3.300/gcc/dev/atmega8/avr4/crtatmega8.o
 .debug_str     0x0000017a      0x891 main.o
                                0x929 (size before relaxing)
 .debug_str     0x00000a0b       0x80 src/Display.o
                                0x618 (size before relaxing)
 .debug_str     0x00000a8b       0x68 src/noteDetection.o
                                0x2b8 (size before relaxing)
 .debug_str     0x00000af3      0x168 src/light_ws2812.o
                                0x27e (size before relaxing)
 .debug_str     0x00000c5b       0xbb src/serial.o
                                0x2f8 (size before relaxing)

.debug_loc      0x00000000     0x1fde
 *(.debug_loc)
 .debug_loc     0x00000000      0x61a main.o
 .debug_loc     0x0000061a      0xb94 src/Display.o
 .debug_loc     0x000011ae      0x4d2 src/noteDetection.o
 .debug_loc     0x00001680      0x735 src/light_ws2812.o
 .debug_loc     0x00001db5      0x229 src/serial.o

.debug_macinfo
 *(.debug_macinfo)

.debug_weaknames
 *(.debug_weaknames)

.debug_funcnames
 *(.debug_funcnames)

.debug_typenames
 *(.debug_typenames)

.debug_varnames
 *(.debug_varnames)

.debug_pubtypes
 *(.debug_pubtypes)

.debug_ranges   0x00000000      0x1c8
 *(.debug_ranges)
 .debug_ranges  0x00000000       0x60 main.o
 .debug_ranges  0x00000060       0x88 src/Display.o
 .debug_ranges  0x000000e8       0x70 src/noteDetection.o
 .debug_ranges  0x00000158       0x30 src/light_ws2812.o
 .debug_ranges  0x00000188       0x40 src/serial.o

.debug_macro
 *(.debug_macro)
OUTPUT(GccApplication2.elf elf32-avr)
LOAD linker stubs
